
 /----------------------------------------------------------------------------\
 |  yosys -- Yosys Open SYnthesis Suite                                       |
 |  Copyright (C) 2012 - 2026  Claire Xenia Wolf <claire@yosyshq.com>         |
 |  Distributed under an ISC-like license, type "license" to see terms        |
 \----------------------------------------------------------------------------/
 Yosys 0.66 (git sha1 7f8fdfd8d7bc08c749a2a969388d3425d4f369d5, clang++ 21.0.0 -fPIC -O3)

-- Executing script file `build/contract-property.ys' --

1. Executing Verilog-2005 frontend: design.sv
Parsing formal SystemVerilog input from `design.sv' to AST representation.
Generating RTLIL representation for module `\result_hold'.
Successfully finished Verilog frontend.

2. Executing Verilog-2005 frontend: properties.sv
Parsing formal SystemVerilog input from `properties.sv' to AST representation.
Generating RTLIL representation for module `\result_hold_properties'.
Successfully finished Verilog frontend.

3. Executing PREP pass.

3.1. Executing HIERARCHY pass (managing design hierarchy).

3.1.1. Analyzing design hierarchy..
Top module:  \result_hold_properties
Used module:     \result_hold

3.1.2. Analyzing design hierarchy..
Top module:  \result_hold_properties
Used module:     \result_hold
Removed 0 unused modules.
Module result_hold_properties directly or indirectly contains formal properties -> setting "keep" attribute.

3.2. Executing PROC pass (convert processes to netlists).

3.2.1. Executing PROC_CLEAN pass (remove empty switches from decision trees).
Cleaned up 0 empty switches.

3.2.2. Executing PROC_RMDEAD pass (remove dead branches from decision trees).
Marked 1 switch rules as full_case in process $proc$properties.sv:8$16 in module result_hold_properties.
Marked 3 switch rules as full_case in process $proc$design.sv:16$3 in module result_hold.
Removed a total of 0 dead cases.

3.2.3. Executing PROC_PRUNE pass (remove redundant assignments in processes).
Removed 0 redundant assignments.
Promoted 3 assignments to connections.

3.2.4. Executing PROC_INIT pass (extract init attributes).

3.2.5. Executing PROC_ARST pass (detect async resets in processes).
Found async reset \rst_n in `\result_hold.$proc$design.sv:16$3'.

3.2.6. Executing PROC_ROM pass (convert switches to ROMs).
Converted 0 switches.
<suppressed ~5 debug messages>

3.2.7. Executing PROC_MUX pass (convert decision trees to multiplexers).
Creating decoders for process `\result_hold_properties.$proc$properties.sv:8$16'.
     1/4: $assert$properties.sv:13$25_EN
     2/4: $assert$properties.sv:12$24_EN
     3/4: $assume$properties.sv:10$22_EN
     4/4: $assume$properties.sv:10$20_EN
Creating decoders for process `\result_hold.$proc$design.sv:16$3'.
     1/2: $0\data_reg[15:0]
     2/2: $0\valid_reg[0:0]

3.2.8. Executing PROC_DLATCH pass (convert process syncs to latches).

3.2.9. Executing PROC_DFF pass (convert process syncs to FFs).
Creating register for signal `\result_hold_properties.\f_past_valid' using process `\result_hold_properties.$proc$properties.sv:8$16'.
  created $dff cell `$procdff$51' with positive edge clock.
Creating register for signal `\result_hold_properties.$past$properties.sv:11$9$0' using process `\result_hold_properties.$proc$properties.sv:8$16'.
  created $dff cell `$procdff$52' with positive edge clock.
Creating register for signal `\result_hold_properties.$past$properties.sv:13$10$0' using process `\result_hold_properties.$proc$properties.sv:8$16'.
  created $dff cell `$procdff$53' with positive edge clock.
Creating register for signal `\result_hold.\valid_reg' using process `\result_hold.$proc$design.sv:16$3'.
  created $adff cell `$procdff$58' with positive edge clock and positive level reset.
Creating register for signal `\result_hold.\data_reg' using process `\result_hold.$proc$design.sv:16$3'.
  created $adff cell `$procdff$63' with positive edge clock and positive level reset.

3.2.10. Executing PROC_MEMWR pass (convert process memory writes to cells).

3.2.11. Executing PROC_CLEAN pass (remove empty switches from decision trees).
Found and cleaned up 2 empty switches in `\result_hold_properties.$proc$properties.sv:8$16'.
Removing empty process `result_hold_properties.$proc$properties.sv:8$16'.
Found and cleaned up 3 empty switches in `\result_hold.$proc$design.sv:16$3'.
Removing empty process `result_hold.$proc$design.sv:16$3'.
Cleaned up 5 empty switches.

3.2.12. Executing OPT_EXPR pass (perform const folding).
Optimizing module result_hold_properties.
<suppressed ~2 debug messages>
Optimizing module result_hold.
<suppressed ~4 debug messages>

3.3. Executing FLATTEN pass (flatten design).
Deleting now unused module result_hold.
<suppressed ~1 debug messages>

3.4. Executing FUTURE pass.

3.5. Executing OPT_EXPR pass (perform const folding).
Optimizing module result_hold_properties.

3.6. Executing OPT_CLEAN pass (remove unused cells and wires).
Finding unused cells or wires in module \result_hold_properties..
Removed 4 unused cells and 29 unused wires.
<suppressed ~5 debug messages>

3.7. Executing CHECK pass (checking for obvious problems).
Checking module result_hold_properties...
Found and reported 0 problems.

3.8. Executing OPT pass (performing simple optimizations).

3.8.1. Executing OPT_EXPR pass (perform const folding).
Optimizing module result_hold_properties.

3.8.2. Executing OPT_MERGE pass (detect identical cells).
Finding identical cells in module `\result_hold_properties'.
Computing hashes of 35 cells of `\result_hold_properties'.
Finding duplicate cells in `\result_hold_properties'.
Computing hashes of 34 cells of `\result_hold_properties'.
Finding duplicate cells in `\result_hold_properties'.
<suppressed ~3 debug messages>
Removed a total of 1 cells.

3.8.3. Executing OPT_MUXTREE pass (detect dead branches in mux trees).
Running muxtree optimizer on module \result_hold_properties..
  Creating internal representation of mux trees.
  Evaluating internal representation of mux trees.
  Analyzing evaluation results.
Removed 0 multiplexer ports.
<suppressed ~14 debug messages>

3.8.4. Executing OPT_REDUCE pass (consolidate $*mux and $reduce_* inputs).
  Optimizing cells in module \result_hold_properties.
Performed a total of 0 changes.

3.8.5. Executing OPT_MERGE pass (detect identical cells).
Finding identical cells in module `\result_hold_properties'.
Computing hashes of 34 cells of `\result_hold_properties'.
Finding duplicate cells in `\result_hold_properties'.
Computing hashes of 33 cells of `\result_hold_properties'.
Finding duplicate cells in `\result_hold_properties'.
<suppressed ~3 debug messages>
Removed a total of 1 cells.

3.8.6. Executing OPT_CLEAN pass (remove unused cells and wires).
Finding unused cells or wires in module \result_hold_properties..
Removed 0 unused cells and 2 unused wires.
<suppressed ~1 debug messages>

3.8.7. Executing OPT_EXPR pass (perform const folding).
Optimizing module result_hold_properties.

3.8.8. Rerunning OPT passes. (Maybe there is more to do..)

3.8.9. Executing OPT_MUXTREE pass (detect dead branches in mux trees).
Running muxtree optimizer on module \result_hold_properties..
  Creating internal representation of mux trees.
  Evaluating internal representation of mux trees.
  Analyzing evaluation results.
Removed 0 multiplexer ports.
<suppressed ~12 debug messages>

3.8.10. Executing OPT_REDUCE pass (consolidate $*mux and $reduce_* inputs).
  Optimizing cells in module \result_hold_properties.
Performed a total of 0 changes.

3.8.11. Executing OPT_MERGE pass (detect identical cells).
Finding identical cells in module `\result_hold_properties'.
Computing hashes of 33 cells of `\result_hold_properties'.
Finding duplicate cells in `\result_hold_properties'.
Removed a total of 0 cells.

3.8.12. Executing OPT_CLEAN pass (remove unused cells and wires).
Finding unused cells or wires in module \result_hold_properties..

3.8.13. Executing OPT_EXPR pass (perform const folding).
Optimizing module result_hold_properties.

3.8.14. Finished fast OPT passes. (There is nothing left to do.)

3.9. Executing WREDUCE pass (reducing word size of cells).

3.10. Executing OPT_CLEAN pass (remove unused cells and wires).
Finding unused cells or wires in module \result_hold_properties..

3.11. Executing MEMORY_COLLECT pass (generating $mem cells).

3.12. Executing OPT pass (performing simple optimizations).

3.12.1. Executing OPT_EXPR pass (perform const folding).
Optimizing module result_hold_properties.

3.12.2. Executing OPT_MERGE pass (detect identical cells).
Finding identical cells in module `\result_hold_properties'.
Computing hashes of 33 cells of `\result_hold_properties'.
Finding duplicate cells in `\result_hold_properties'.
Removed a total of 0 cells.

3.12.3. Executing OPT_CLEAN pass (remove unused cells and wires).
Finding unused cells or wires in module \result_hold_properties..

3.12.4. Finished fast OPT passes.

3.13. Executing SORT pass.

3.14. Printing statistics.

=== result_hold_properties ===

        +----------Local Count, excluding submodules.
        | 
       38 wires
      143 wire bits
       19 public wires
       94 public wire bits
       33 cells
        2   $adff
        5   $anyseq
        4   $check
        3   $dff
        1   $eq
        6   $logic_and
        3   $logic_not
        1   $logic_or
        7   $mux
        1   $scopeinfo

3.15. Executing CHECK pass (checking for obvious problems).
Checking module result_hold_properties...
Found and reported 0 problems.

4. Executing CLK2FFLOGIC pass (convert clocked FFs to generic $ff cells).

4.1. Executing PEEPOPT pass (run peephole optimizers).
Replacing result_hold_properties.$flatten\dut.$procdff$58 ($adff): CLK=\clk, D=$flatten\dut.$0\valid_reg[0:0], Q=\dut.valid_reg
Replacing result_hold_properties.$flatten\dut.$procdff$63 ($adff): CLK=\clk, D=$flatten\dut.$0\data_reg[15:0], Q=\dut.data_reg
Replacing result_hold_properties.$procdff$51 ($dff): CLK=\clk, D=1'1, Q=\f_past_valid
Replacing result_hold_properties.$procdff$52 ($dff): CLK=\clk, D=$0$past$properties.sv:11$9$0[0:0]$17, Q=$past$properties.sv:11$9$0
Replacing result_hold_properties.$procdff$53 ($dff): CLK=\clk, D=\dut.data_reg, Q=$past$properties.sv:13$10$0

5. Executing OPT_CLEAN pass (remove unused cells and wires).
Finding unused cells or wires in module \result_hold_properties..
Removed 12 unused cells and 17 unused wires.
<suppressed ~13 debug messages>

6. Executing SAT pass (solving SAT problems in the circuit).
Using SAT solver `minisat`.

Setting up time step 1:
Final constraint equation: { } = { }
Imported 85 cells to SAT database.
Import constraint from assume cell: $auto$clk2fflogic.cc:101:sample_data$$logic_not$properties.sv:10$21_Y#sampled$105 when $auto$rtlil.cc:3302:And$104.
Import constraint from assume cell: $auto$clk2fflogic.cc:101:sample_data$\dut.rst_n#sampled$119 when $auto$rtlil.cc:3302:And$118.
Import set-constraint from init attribute: $auto$clk2fflogic.cc:87:sample_control_edge$\clk#sampled$181 = 1'1
Import set-constraint from init attribute: $auto$clk2fflogic.cc:87:sample_control_edge$\clk#sampled$161 = 1'1
Import set-constraint from init attribute: $auto$clk2fflogic.cc:101:sample_data$1'1#sampled$159 = 1'0
Import set-constraint from init attribute: $auto$clk2fflogic.cc:101:sample_data$\dut.data_reg#sampled$179 = 16'0000000000000000
Import set-constraint from init attribute: $auto$clk2fflogic.cc:75:sample_control$$auto$rtlil.cc:3255:Not$150#sampled$151 = 1'0
Import set-constraint from init attribute: $auto$clk2fflogic.cc:87:sample_control_edge$\clk#sampled$143 = 1'1
Import set-constraint from init attribute: $auto$clk2fflogic.cc:101:sample_data$$flatten\dut.$0\data_reg[15:0]#sampled$141 = 16'0000000000000000
Import set-constraint from init attribute: $auto$clk2fflogic.cc:75:sample_control$$auto$rtlil.cc:3255:Not$132#sampled$133 = 1'0
Import set-constraint from init attribute: $auto$clk2fflogic.cc:87:sample_control_edge$\clk#sampled$125 = 1'1
Import set-constraint from init attribute: $auto$clk2fflogic.cc:101:sample_data$$flatten\dut.$0\valid_reg[0:0]#sampled$123 = 1'0
Import set-constraint from init attribute: $auto$clk2fflogic.cc:101:sample_data$\dut.rst_n#sampled$119 = 1'1
Import set-constraint from init attribute: $auto$clk2fflogic.cc:101:sample_data$$assume$properties.sv:10$22_EN#sampled$113 = 1'0
Import set-constraint from init attribute: $auto$clk2fflogic.cc:87:sample_control_edge$\clk#sampled$107 = 1'1
Import set-constraint from init attribute: $auto$clk2fflogic.cc:101:sample_data$$logic_not$properties.sv:10$21_Y#sampled$105 = 1'1
Import set-constraint from init attribute: $auto$clk2fflogic.cc:101:sample_data$$assume$properties.sv:10$20_EN#sampled$99 = 1'0
Import set-constraint from init attribute: $auto$clk2fflogic.cc:87:sample_control_edge$\clk#sampled$93 = 1'1
Import set-constraint from init attribute: $auto$clk2fflogic.cc:101:sample_data$$eq$properties.sv:13$26_Y#sampled$91 = 1'1
Import set-constraint from init attribute: $auto$clk2fflogic.cc:101:sample_data$$assert$properties.sv:12$24_EN#sampled$85 = 1'0
Import set-constraint from init attribute: $auto$clk2fflogic.cc:87:sample_control_edge$\clk#sampled$171 = 1'1
Import set-constraint from init attribute: $auto$clk2fflogic.cc:87:sample_control_edge$\clk#sampled$79 = 1'1
Import set-constraint from init attribute: $auto$clk2fflogic.cc:101:sample_data$\dut.valid_reg#sampled$77 = 1'1
Import set-constraint from init attribute: $auto$clk2fflogic.cc:101:sample_data$$assert$properties.sv:12$24_EN#sampled$71 = 1'0
Import set-constraint from init attribute: $auto$clk2fflogic.cc:101:sample_data$$0$past$properties.sv:11$9$0[0:0]$17#sampled$169 = 1'0
Import set-constraint from init attribute: $auto$clk2fflogic.cc:87:sample_control_edge$\clk#sampled$65 = 1'1
Final init constraint equation: { $auto$clk2fflogic.cc:101:sample_data$\dut.valid_reg#sampled$121 $auto$clk2fflogic.cc:101:sample_data$\dut.data_reg#sampled$139 $auto$clk2fflogic.cc:101:sample_data$\f_past_valid#sampled$157 $auto$clk2fflogic.cc:101:sample_data$$past$properties.sv:11$9$0#sampled$167 $auto$clk2fflogic.cc:101:sample_data$$past$properties.sv:13$10$0#sampled$177 $auto$clk2fflogic.cc:87:sample_control_edge$\clk#sampled$65 $auto$clk2fflogic.cc:101:sample_data$$0$past$properties.sv:11$9$0[0:0]$17#sampled$169 $auto$clk2fflogic.cc:101:sample_data$$assert$properties.sv:12$24_EN#sampled$71 $auto$clk2fflogic.cc:101:sample_data$\dut.valid_reg#sampled$77 $auto$clk2fflogic.cc:87:sample_control_edge$\clk#sampled$79 $auto$clk2fflogic.cc:87:sample_control_edge$\clk#sampled$171 $auto$clk2fflogic.cc:101:sample_data$$assert$properties.sv:12$24_EN#sampled$85 $auto$clk2fflogic.cc:101:sample_data$$eq$properties.sv:13$26_Y#sampled$91 $auto$clk2fflogic.cc:87:sample_control_edge$\clk#sampled$93 $auto$clk2fflogic.cc:101:sample_data$$assume$properties.sv:10$20_EN#sampled$99 $auto$clk2fflogic.cc:101:sample_data$$logic_not$properties.sv:10$21_Y#sampled$105 $auto$clk2fflogic.cc:87:sample_control_edge$\clk#sampled$107 $auto$clk2fflogic.cc:101:sample_data$$assume$properties.sv:10$22_EN#sampled$113 $auto$clk2fflogic.cc:101:sample_data$\dut.rst_n#sampled$119 $auto$clk2fflogic.cc:101:sample_data$$flatten\dut.$0\valid_reg[0:0]#sampled$123 $auto$clk2fflogic.cc:87:sample_control_edge$\clk#sampled$125 $auto$clk2fflogic.cc:75:sample_control$$auto$rtlil.cc:3255:Not$132#sampled$133 $auto$clk2fflogic.cc:101:sample_data$$flatten\dut.$0\data_reg[15:0]#sampled$141 $auto$clk2fflogic.cc:87:sample_control_edge$\clk#sampled$143 $auto$clk2fflogic.cc:75:sample_control$$auto$rtlil.cc:3255:Not$150#sampled$151 $auto$clk2fflogic.cc:101:sample_data$\dut.data_reg#sampled$179 $auto$clk2fflogic.cc:101:sample_data$1'1#sampled$159 $auto$clk2fflogic.cc:87:sample_control_edge$\clk#sampled$161 $auto$clk2fflogic.cc:87:sample_control_edge$\clk#sampled$181 } = 89'00000000000000000000000000000000000100111011011010100000000000000000100000000000000000011
Import proof for assert: $auto$clk2fflogic.cc:101:sample_data$\dut.valid_reg#sampled$77 when $auto$rtlil.cc:3302:And$76.
Import proof for assert: $auto$clk2fflogic.cc:101:sample_data$$eq$properties.sv:13$26_Y#sampled$91 when $auto$rtlil.cc:3302:And$90.

Setting up time step 2:
Final constraint equation: { } = { }
Imported 85 cells to SAT database.
Import constraint from assume cell: $auto$clk2fflogic.cc:101:sample_data$$logic_not$properties.sv:10$21_Y#sampled$105 when $auto$rtlil.cc:3302:And$104.
Import constraint from assume cell: $auto$clk2fflogic.cc:101:sample_data$\dut.rst_n#sampled$119 when $auto$rtlil.cc:3302:And$118.
Import proof for assert: $auto$clk2fflogic.cc:101:sample_data$\dut.valid_reg#sampled$77 when $auto$rtlil.cc:3302:And$76.
Import proof for assert: $auto$clk2fflogic.cc:101:sample_data$$eq$properties.sv:13$26_Y#sampled$91 when $auto$rtlil.cc:3302:And$90.

Setting up time step 3:
Final constraint equation: { } = { }
Imported 85 cells to SAT database.
Import constraint from assume cell: $auto$clk2fflogic.cc:101:sample_data$$logic_not$properties.sv:10$21_Y#sampled$105 when $auto$rtlil.cc:3302:And$104.
Import constraint from assume cell: $auto$clk2fflogic.cc:101:sample_data$\dut.rst_n#sampled$119 when $auto$rtlil.cc:3302:And$118.
Import proof for assert: $auto$clk2fflogic.cc:101:sample_data$\dut.valid_reg#sampled$77 when $auto$rtlil.cc:3302:And$76.
Import proof for assert: $auto$clk2fflogic.cc:101:sample_data$$eq$properties.sv:13$26_Y#sampled$91 when $auto$rtlil.cc:3302:And$90.

Setting up time step 4:
Final constraint equation: { } = { }
Imported 85 cells to SAT database.
Import constraint from assume cell: $auto$clk2fflogic.cc:101:sample_data$$logic_not$properties.sv:10$21_Y#sampled$105 when $auto$rtlil.cc:3302:And$104.
Import constraint from assume cell: $auto$clk2fflogic.cc:101:sample_data$\dut.rst_n#sampled$119 when $auto$rtlil.cc:3302:And$118.
Import proof for assert: $auto$clk2fflogic.cc:101:sample_data$\dut.valid_reg#sampled$77 when $auto$rtlil.cc:3302:And$76.
Import proof for assert: $auto$clk2fflogic.cc:101:sample_data$$eq$properties.sv:13$26_Y#sampled$91 when $auto$rtlil.cc:3302:And$90.

Setting up time step 5:
Final constraint equation: { } = { }
Imported 85 cells to SAT database.
Import constraint from assume cell: $auto$clk2fflogic.cc:101:sample_data$$logic_not$properties.sv:10$21_Y#sampled$105 when $auto$rtlil.cc:3302:And$104.
Import constraint from assume cell: $auto$clk2fflogic.cc:101:sample_data$\dut.rst_n#sampled$119 when $auto$rtlil.cc:3302:And$118.
Import proof for assert: $auto$clk2fflogic.cc:101:sample_data$\dut.valid_reg#sampled$77 when $auto$rtlil.cc:3302:And$76.
Import proof for assert: $auto$clk2fflogic.cc:101:sample_data$$eq$properties.sv:13$26_Y#sampled$91 when $auto$rtlil.cc:3302:And$90.

Setting up time step 6:
Final constraint equation: { } = { }
Imported 85 cells to SAT database.
Import constraint from assume cell: $auto$clk2fflogic.cc:101:sample_data$$logic_not$properties.sv:10$21_Y#sampled$105 when $auto$rtlil.cc:3302:And$104.
Import constraint from assume cell: $auto$clk2fflogic.cc:101:sample_data$\dut.rst_n#sampled$119 when $auto$rtlil.cc:3302:And$118.
Import proof for assert: $auto$clk2fflogic.cc:101:sample_data$\dut.valid_reg#sampled$77 when $auto$rtlil.cc:3302:And$76.
Import proof for assert: $auto$clk2fflogic.cc:101:sample_data$$eq$properties.sv:13$26_Y#sampled$91 when $auto$rtlil.cc:3302:And$90.

Setting up time step 7:
Final constraint equation: { } = { }
Imported 85 cells to SAT database.
Import constraint from assume cell: $auto$clk2fflogic.cc:101:sample_data$$logic_not$properties.sv:10$21_Y#sampled$105 when $auto$rtlil.cc:3302:And$104.
Import constraint from assume cell: $auto$clk2fflogic.cc:101:sample_data$\dut.rst_n#sampled$119 when $auto$rtlil.cc:3302:And$118.
Import proof for assert: $auto$clk2fflogic.cc:101:sample_data$\dut.valid_reg#sampled$77 when $auto$rtlil.cc:3302:And$76.
Import proof for assert: $auto$clk2fflogic.cc:101:sample_data$$eq$properties.sv:13$26_Y#sampled$91 when $auto$rtlil.cc:3302:And$90.

Setting up time step 8:
Final constraint equation: { } = { }
Imported 85 cells to SAT database.
Import constraint from assume cell: $auto$clk2fflogic.cc:101:sample_data$$logic_not$properties.sv:10$21_Y#sampled$105 when $auto$rtlil.cc:3302:And$104.
Import constraint from assume cell: $auto$clk2fflogic.cc:101:sample_data$\dut.rst_n#sampled$119 when $auto$rtlil.cc:3302:And$118.
Import proof for assert: $auto$clk2fflogic.cc:101:sample_data$\dut.valid_reg#sampled$77 when $auto$rtlil.cc:3302:And$76.
Import proof for assert: $auto$clk2fflogic.cc:101:sample_data$$eq$properties.sv:13$26_Y#sampled$91 when $auto$rtlil.cc:3302:And$90.

Setting up time step 9:
Final constraint equation: { } = { }
Imported 85 cells to SAT database.
Import constraint from assume cell: $auto$clk2fflogic.cc:101:sample_data$$logic_not$properties.sv:10$21_Y#sampled$105 when $auto$rtlil.cc:3302:And$104.
Import constraint from assume cell: $auto$clk2fflogic.cc:101:sample_data$\dut.rst_n#sampled$119 when $auto$rtlil.cc:3302:And$118.
Import proof for assert: $auto$clk2fflogic.cc:101:sample_data$\dut.valid_reg#sampled$77 when $auto$rtlil.cc:3302:And$76.
Import proof for assert: $auto$clk2fflogic.cc:101:sample_data$$eq$properties.sv:13$26_Y#sampled$91 when $auto$rtlil.cc:3302:And$90.

Setting up time step 10:
Final constraint equation: { } = { }
Imported 85 cells to SAT database.
Import constraint from assume cell: $auto$clk2fflogic.cc:101:sample_data$$logic_not$properties.sv:10$21_Y#sampled$105 when $auto$rtlil.cc:3302:And$104.
Import constraint from assume cell: $auto$clk2fflogic.cc:101:sample_data$\dut.rst_n#sampled$119 when $auto$rtlil.cc:3302:And$118.
Import proof for assert: $auto$clk2fflogic.cc:101:sample_data$\dut.valid_reg#sampled$77 when $auto$rtlil.cc:3302:And$76.
Import proof for assert: $auto$clk2fflogic.cc:101:sample_data$$eq$properties.sv:13$26_Y#sampled$91 when $auto$rtlil.cc:3302:And$90.

Solving problem with 11833 variables and 30874 clauses..
SAT proof finished - model found: FAIL!

   ______                   ___       ___       _ _            _ _ 
  (_____ \                 / __)     / __)     (_) |          | | |
   _____) )___ ___   ___ _| |__    _| |__ _____ _| | _____  __| | |
  |  ____/ ___) _ \ / _ (_   __)  (_   __|____ | | || ___ |/ _  |_|
  | |   | |  | |_| | |_| || |       | |  / ___ | | || ____( (_| |_ 
  |_|   |_|   \___/ \___/ |_|       |_|  \_____|_|\_)_____)\____|_|


  Time Signal Name                                                                                                                                                                                            Dec       Hex                 Bin
  ---- ---------------------------------------------------------------------------------------------------------------------------------------------------------------------------------------------- ----------- --------- -------------------
  init $auto$clk2fflogic.cc:101:sample_data$$0$past$properties.sv:11$9$0[0:0]$17#sampled$169                0         0                   0
  init $auto$clk2fflogic.cc:101:sample_data$$assert$properties.sv:12$24_EN#sampled$71                       0         0                   0
  init $auto$clk2fflogic.cc:101:sample_data$$assert$properties.sv:12$24_EN#sampled$85                       0         0                   0
  init $auto$clk2fflogic.cc:101:sample_data$$assume$properties.sv:10$20_EN#sampled$99                       0         0                   0
  init $auto$clk2fflogic.cc:101:sample_data$$assume$properties.sv:10$22_EN#sampled$113                      0         0                   0
  init $auto$clk2fflogic.cc:101:sample_data$$eq$properties.sv:13$26_Y#sampled$91                            1         1                   1
  init $auto$clk2fflogic.cc:101:sample_data$$flatten\dut.$0\data_reg[15:0]#sampled$141                                                                                                                          0         0    0000000000000000
  init $auto$clk2fflogic.cc:101:sample_data$$flatten\dut.$0\valid_reg[0:0]#sampled$123                                                                                                                          0         0                   0
  init $auto$clk2fflogic.cc:101:sample_data$$logic_not$properties.sv:10$21_Y#sampled$105                    1         1                   1
  init $auto$clk2fflogic.cc:101:sample_data$$past$properties.sv:11$9$0#sampled$167                          0         0                   0
  init $auto$clk2fflogic.cc:101:sample_data$$past$properties.sv:13$10$0#sampled$177                         0         0    0000000000000000
  init $auto$clk2fflogic.cc:101:sample_data$1'1#sampled$159                                                                                                                                                     0         0                   0
  init $auto$clk2fflogic.cc:101:sample_data$\dut.data_reg#sampled$139                                                                                                                                           0         0    0000000000000000
  init $auto$clk2fflogic.cc:101:sample_data$\dut.data_reg#sampled$179                                                                                                                                           0         0    0000000000000000
  init $auto$clk2fflogic.cc:101:sample_data$\dut.rst_n#sampled$119                                                                                                                                              1         1                   1
  init $auto$clk2fflogic.cc:101:sample_data$\dut.valid_reg#sampled$121                                                                                                                                          0         0                   0
  init $auto$clk2fflogic.cc:101:sample_data$\dut.valid_reg#sampled$77                                                                                                                                           1         1                   1
  init $auto$clk2fflogic.cc:101:sample_data$\f_past_valid#sampled$157                                                                                                                                           0         0                   0
  init $auto$clk2fflogic.cc:75:sample_control$$auto$rtlil.cc:3255:Not$132#sampled$133                                                                                                                           0         0                   0
  init $auto$clk2fflogic.cc:75:sample_control$$auto$rtlil.cc:3255:Not$150#sampled$151                                                                                                                           0         0                   0
  init $auto$clk2fflogic.cc:87:sample_control_edge$\clk#sampled$107                                                                                                                                             1         1                   1
  init $auto$clk2fflogic.cc:87:sample_control_edge$\clk#sampled$125                                                                                                                                             1         1                   1
  init $auto$clk2fflogic.cc:87:sample_control_edge$\clk#sampled$143                                                                                                                                             1         1                   1
  init $auto$clk2fflogic.cc:87:sample_control_edge$\clk#sampled$161                                                                                                                                             1         1                   1
  init $auto$clk2fflogic.cc:87:sample_control_edge$\clk#sampled$171                                                                                                                                             1         1                   1
  init $auto$clk2fflogic.cc:87:sample_control_edge$\clk#sampled$181                                                                                                                                             1         1                   1
  init $auto$clk2fflogic.cc:87:sample_control_edge$\clk#sampled$65                                                                                                                                              1         1                   1
  init $auto$clk2fflogic.cc:87:sample_control_edge$\clk#sampled$79                                                                                                                                              1         1                   1
  init $auto$clk2fflogic.cc:87:sample_control_edge$\clk#sampled$93                                                                                                                                              1         1                   1
Dumping SAT model to VCD file build/contract-property-counterexample.vcd


ERROR: Called with -verify and proof did fail!
