
 /----------------------------------------------------------------------------\
 |  yosys -- Yosys Open SYnthesis Suite                                       |
 |  Copyright (C) 2012 - 2026  Claire Xenia Wolf <claire@yosyshq.com>         |
 |  Distributed under an ISC-like license, type "license" to see terms        |
 \----------------------------------------------------------------------------/
 Yosys 0.66 (git sha1 7f8fdfd8d7bc08c749a2a969388d3425d4f369d5, clang++ 21.0.0 -fPIC -O3)

-- Executing script file `build/synthesized-reference.ys' --

1. Executing Verilog-2005 frontend: reference.sv
Parsing SystemVerilog input from `reference.sv' to AST representation.
Generating RTLIL representation for module `\opcode_unit'.
Successfully finished Verilog frontend.

2. Executing PREP pass.

2.1. Executing HIERARCHY pass (managing design hierarchy).

2.1.1. Analyzing design hierarchy..
Top module:  \opcode_unit

2.1.2. Analyzing design hierarchy..
Top module:  \opcode_unit
Removed 0 unused modules.

2.2. Executing PROC pass (convert processes to netlists).

2.2.1. Executing PROC_CLEAN pass (remove empty switches from decision trees).
Cleaned up 0 empty switches.

2.2.2. Executing PROC_RMDEAD pass (remove dead branches from decision trees).
Marked 1 switch rules as full_case in process $proc$reference.sv:3$1 in module opcode_unit.
Removed a total of 0 dead cases.

2.2.3. Executing PROC_PRUNE pass (remove redundant assignments in processes).
Removed 0 redundant assignments.
Promoted 1 assignment to connection.

2.2.4. Executing PROC_INIT pass (extract init attributes).

2.2.5. Executing PROC_ARST pass (detect async resets in processes).

2.2.6. Executing PROC_ROM pass (convert switches to ROMs).
Converted 0 switches.
<suppressed ~1 debug messages>

2.2.7. Executing PROC_MUX pass (convert decision trees to multiplexers).
Creating decoders for process `\opcode_unit.$proc$reference.sv:3$1'.
     1/1: $1\y[7:0]

2.2.8. Executing PROC_DLATCH pass (convert process syncs to latches).
No latch inferred for signal `\opcode_unit.\y' from process `\opcode_unit.$proc$reference.sv:3$1'.

2.2.9. Executing PROC_DFF pass (convert process syncs to FFs).

2.2.10. Executing PROC_MEMWR pass (convert process memory writes to cells).

2.2.11. Executing PROC_CLEAN pass (remove empty switches from decision trees).
Found and cleaned up 1 empty switch in `\opcode_unit.$proc$reference.sv:3$1'.
Removing empty process `opcode_unit.$proc$reference.sv:3$1'.
Cleaned up 1 empty switch.

2.2.12. Executing OPT_EXPR pass (perform const folding).
Optimizing module opcode_unit.
<suppressed ~1 debug messages>

2.3. Executing FLATTEN pass (flatten design).

2.4. Executing FUTURE pass.

2.5. Executing OPT_EXPR pass (perform const folding).
Optimizing module opcode_unit.

2.6. Executing OPT_CLEAN pass (remove unused cells and wires).
Finding unused cells or wires in module \opcode_unit..
Removed 0 unused cells and 3 unused wires.
<suppressed ~1 debug messages>

2.7. Executing CHECK pass (checking for obvious problems).
Checking module opcode_unit...
Found and reported 0 problems.

2.8. Executing OPT pass (performing simple optimizations).

2.8.1. Executing OPT_EXPR pass (perform const folding).
Optimizing module opcode_unit.

2.8.2. Executing OPT_MERGE pass (detect identical cells).
Finding identical cells in module `\opcode_unit'.
Computing hashes of 17 cells of `\opcode_unit'.
Finding duplicate cells in `\opcode_unit'.
Removed a total of 0 cells.

2.8.3. Executing OPT_MUXTREE pass (detect dead branches in mux trees).
Running muxtree optimizer on module \opcode_unit..
  Creating internal representation of mux trees.
  Evaluating internal representation of mux trees.
  Analyzing evaluation results.
Removed 0 multiplexer ports.
<suppressed ~3 debug messages>

2.8.4. Executing OPT_REDUCE pass (consolidate $*mux and $reduce_* inputs).
  Optimizing cells in module \opcode_unit.
Performed a total of 0 changes.

2.8.5. Executing OPT_MERGE pass (detect identical cells).
Finding identical cells in module `\opcode_unit'.
Computing hashes of 17 cells of `\opcode_unit'.
Finding duplicate cells in `\opcode_unit'.
Removed a total of 0 cells.

2.8.6. Executing OPT_CLEAN pass (remove unused cells and wires).
Finding unused cells or wires in module \opcode_unit..

2.8.7. Executing OPT_EXPR pass (perform const folding).
Optimizing module opcode_unit.

2.8.8. Finished fast OPT passes. (There is nothing left to do.)

2.9. Executing WREDUCE pass (reducing word size of cells).
Removed top 31 bits (of 32) from mux cell opcode_unit.$ternary$reference.sv:5$10 ($mux).
Removed top 1 bits (of 3) from port B of cell opcode_unit.$procmux$16_CMP0 ($eq).
Removed top 1 bits (of 3) from port B of cell opcode_unit.$procmux$17_CMP0 ($eq).
Removed top 2 bits (of 3) from port B of cell opcode_unit.$procmux$18_CMP0 ($eq).
Removed top 31 bits (of 32) from wire opcode_unit.$ternary$reference.sv:5$10_Y.

2.10. Executing OPT_CLEAN pass (remove unused cells and wires).
Finding unused cells or wires in module \opcode_unit..
Removed 0 unused cells and 1 unused wires.
<suppressed ~1 debug messages>

2.11. Executing MEMORY_COLLECT pass (generating $mem cells).

2.12. Executing OPT pass (performing simple optimizations).

2.12.1. Executing OPT_EXPR pass (perform const folding).
Optimizing module opcode_unit.

2.12.2. Executing OPT_MERGE pass (detect identical cells).
Finding identical cells in module `\opcode_unit'.
Computing hashes of 17 cells of `\opcode_unit'.
Finding duplicate cells in `\opcode_unit'.
Removed a total of 0 cells.

2.12.3. Executing OPT_CLEAN pass (remove unused cells and wires).
Finding unused cells or wires in module \opcode_unit..

2.12.4. Finished fast OPT passes.

2.13. Executing SORT pass.

2.14. Printing statistics.

=== opcode_unit ===

        +----------Local Count, excluding submodules.
        | 
       20 wires
      123 wire bits
        4 public wires
       27 public wire bits
        4 ports
       27 port bits
       17 cells
        1   $add
        1   $and
        6   $eq
        1   $logic_not
        1   $lt
        1   $mux
        1   $or
        1   $pmux
        1   $shl
        1   $shr
        1   $sub
        1   $xor

2.15. Executing CHECK pass (checking for obvious problems).
Checking module opcode_unit...
Found and reported 0 problems.

3. Executing TECHMAP pass (map to technology primitives).

3.1. Executing Verilog-2005 frontend: /opt/homebrew/bin/../share/yosys/techmap.v
Parsing Verilog input from `/opt/homebrew/bin/../share/yosys/techmap.v' to AST representation.
Generating RTLIL representation for module `\_90_simplemap_bool_ops'.
Generating RTLIL representation for module `\_90_simplemap_reduce_ops'.
Generating RTLIL representation for module `\_90_simplemap_logic_ops'.
Generating RTLIL representation for module `\_90_simplemap_compare_ops'.
Generating RTLIL representation for module `\_90_simplemap_various'.
Generating RTLIL representation for module `\_90_simplemap_registers'.
Generating RTLIL representation for module `\_90_shift_ops_shr_shl_sshl_sshr'.
Generating RTLIL representation for module `\_90_shift_shiftx'.
Generating RTLIL representation for module `\_90_fa'.
Generating RTLIL representation for module `\_90_lcu_brent_kung'.
Generating RTLIL representation for module `\_90_alu'.
Generating RTLIL representation for module `\_90_macc'.
Generating RTLIL representation for module `\_90_alumacc'.
Generating RTLIL representation for module `$__div_mod_u'.
Generating RTLIL representation for module `$__div_mod_trunc'.
Generating RTLIL representation for module `\_90_div'.
Generating RTLIL representation for module `\_90_mod'.
Generating RTLIL representation for module `$__div_mod_floor'.
Generating RTLIL representation for module `\_90_divfloor'.
Generating RTLIL representation for module `\_90_modfloor'.
Generating RTLIL representation for module `\_90_pow'.
Generating RTLIL representation for module `\_90_demux'.
Generating RTLIL representation for module `\_90_lut'.
Generating RTLIL representation for module `$connect'.
Generating RTLIL representation for module `$input_port'.
Successfully finished Verilog frontend.

3.2. Continuing TECHMAP pass.
Running "alumacc" on wrapper $extern:wrap:$add:A_SIGNED=0:A_WIDTH=8:B_SIGNED=0:B_WIDTH=8:Y_WIDTH=8:394426c56d1a028ba8fdd5469b163e04011def47.
Using template $extern:wrap:$add:A_SIGNED=0:A_WIDTH=8:B_SIGNED=0:B_WIDTH=8:Y_WIDTH=8:394426c56d1a028ba8fdd5469b163e04011def47 for cells of type $extern:wrap:$add:A_SIGNED=0:A_WIDTH=8:B_SIGNED=0:B_WIDTH=8:Y_WIDTH=8:394426c56d1a028ba8fdd5469b163e04011def47.
Running "alumacc" on wrapper $extern:wrap:$sub:A_SIGNED=0:A_WIDTH=8:B_SIGNED=0:B_WIDTH=8:Y_WIDTH=8:394426c56d1a028ba8fdd5469b163e04011def47.
Using template $extern:wrap:$sub:A_SIGNED=0:A_WIDTH=8:B_SIGNED=0:B_WIDTH=8:Y_WIDTH=8:394426c56d1a028ba8fdd5469b163e04011def47 for cells of type $extern:wrap:$sub:A_SIGNED=0:A_WIDTH=8:B_SIGNED=0:B_WIDTH=8:Y_WIDTH=8:394426c56d1a028ba8fdd5469b163e04011def47.
Using extmapper simplemap for cells of type $and.
Using extmapper simplemap for cells of type $or.
Using extmapper simplemap for cells of type $xor.
Using template $paramod$constmap:16279b42aacb7578dbc4491d23e007825b9fd2dc$paramod$07b7add2a98e6a8075092e1e89aa3751e6a000b0\_90_shift_ops_shr_shl_sshl_sshr for cells of type $shl.
Using template $paramod$constmap:16279b42aacb7578dbc4491d23e007825b9fd2dc$paramod$e02a20504e61ebe09eb52d686bcb6c2238e4a84f\_90_shift_ops_shr_shl_sshl_sshr for cells of type $shr.
Running "alumacc" on wrapper $extern:wrap:$lt:A_SIGNED=0:A_WIDTH=8:B_SIGNED=0:B_WIDTH=8:Y_WIDTH=1:394426c56d1a028ba8fdd5469b163e04011def47.
Using template $extern:wrap:$lt:A_SIGNED=0:A_WIDTH=8:B_SIGNED=0:B_WIDTH=8:Y_WIDTH=1:394426c56d1a028ba8fdd5469b163e04011def47 for cells of type $extern:wrap:$lt:A_SIGNED=0:A_WIDTH=8:B_SIGNED=0:B_WIDTH=8:Y_WIDTH=1:394426c56d1a028ba8fdd5469b163e04011def47.
Using extmapper simplemap for cells of type $eq.
Using extmapper simplemap for cells of type $pmux.
Using extmapper simplemap for cells of type $logic_not.
Using template $paramod$a1bc51c02ce12ac21eb18988e83292af48ed7d72\_90_alu for cells of type $alu.
Using extmapper simplemap for cells of type $not.
Using template $paramod\_90_fa\WIDTH=32'00000000000000000000000000001000 for cells of type $fa.
Using template $paramod\_90_lcu_brent_kung\WIDTH=32'00000000000000000000000000001000 for cells of type $lcu.
Using extmapper simplemap for cells of type $pos.
No more expansions possible.
<suppressed ~727 debug messages>

4. Executing OPT_CLEAN pass (remove unused cells and wires).
Finding unused cells or wires in module \opcode_unit..
Removed 41 unused cells and 144 unused wires.
<suppressed ~42 debug messages>
Renaming module opcode_unit to gold.

5. Executing Verilog-2005 frontend: design.sv
Parsing SystemVerilog input from `design.sv' to AST representation.
Generating RTLIL representation for module `\opcode_unit'.
Successfully finished Verilog frontend.

6. Executing PREP pass.

6.1. Executing HIERARCHY pass (managing design hierarchy).

6.1.1. Analyzing design hierarchy..
Top module:  \opcode_unit

6.1.2. Analyzing design hierarchy..
Top module:  \opcode_unit
Removed 0 unused modules.

6.2. Executing PROC pass (convert processes to netlists).

6.2.1. Executing PROC_CLEAN pass (remove empty switches from decision trees).
Cleaned up 0 empty switches.

6.2.2. Executing PROC_RMDEAD pass (remove dead branches from decision trees).
Marked 1 switch rules as full_case in process $proc$design.sv:7$908 in module opcode_unit.
Removed a total of 0 dead cases.

6.2.3. Executing PROC_PRUNE pass (remove redundant assignments in processes).
Removed 0 redundant assignments.
Promoted 1 assignment to connection.

6.2.4. Executing PROC_INIT pass (extract init attributes).

6.2.5. Executing PROC_ARST pass (detect async resets in processes).

6.2.6. Executing PROC_ROM pass (convert switches to ROMs).
Converted 0 switches.
<suppressed ~1 debug messages>

6.2.7. Executing PROC_MUX pass (convert decision trees to multiplexers).
Creating decoders for process `\opcode_unit.$proc$design.sv:7$908'.
     1/1: $1\y[7:0]

6.2.8. Executing PROC_DLATCH pass (convert process syncs to latches).
No latch inferred for signal `\opcode_unit.\y' from process `\opcode_unit.$proc$design.sv:7$908'.

6.2.9. Executing PROC_DFF pass (convert process syncs to FFs).

6.2.10. Executing PROC_MEMWR pass (convert process memory writes to cells).

6.2.11. Executing PROC_CLEAN pass (remove empty switches from decision trees).
Found and cleaned up 1 empty switch in `\opcode_unit.$proc$design.sv:7$908'.
Removing empty process `opcode_unit.$proc$design.sv:7$908'.
Cleaned up 1 empty switch.

6.2.12. Executing OPT_EXPR pass (perform const folding).
Optimizing module opcode_unit.
<suppressed ~1 debug messages>

6.3. Executing FLATTEN pass (flatten design).

6.4. Executing FUTURE pass.

6.5. Executing OPT_EXPR pass (perform const folding).
Optimizing module opcode_unit.

6.6. Executing OPT_CLEAN pass (remove unused cells and wires).
Finding unused cells or wires in module \opcode_unit..
Removed 0 unused cells and 3 unused wires.
<suppressed ~1 debug messages>

6.7. Executing CHECK pass (checking for obvious problems).
Checking module opcode_unit...
Found and reported 0 problems.

6.8. Executing OPT pass (performing simple optimizations).

6.8.1. Executing OPT_EXPR pass (perform const folding).
Optimizing module opcode_unit.

6.8.2. Executing OPT_MERGE pass (detect identical cells).
Finding identical cells in module `\opcode_unit'.
Computing hashes of 17 cells of `\opcode_unit'.
Finding duplicate cells in `\opcode_unit'.
Removed a total of 0 cells.

6.8.3. Executing OPT_MUXTREE pass (detect dead branches in mux trees).
Running muxtree optimizer on module \opcode_unit..
  Creating internal representation of mux trees.
  Evaluating internal representation of mux trees.
  Analyzing evaluation results.
Removed 0 multiplexer ports.
<suppressed ~3 debug messages>

6.8.4. Executing OPT_REDUCE pass (consolidate $*mux and $reduce_* inputs).
  Optimizing cells in module \opcode_unit.
Performed a total of 0 changes.

6.8.5. Executing OPT_MERGE pass (detect identical cells).
Finding identical cells in module `\opcode_unit'.
Computing hashes of 17 cells of `\opcode_unit'.
Finding duplicate cells in `\opcode_unit'.
Removed a total of 0 cells.

6.8.6. Executing OPT_CLEAN pass (remove unused cells and wires).
Finding unused cells or wires in module \opcode_unit..

6.8.7. Executing OPT_EXPR pass (perform const folding).
Optimizing module opcode_unit.

6.8.8. Finished fast OPT passes. (There is nothing left to do.)

6.9. Executing WREDUCE pass (reducing word size of cells).
Removed top 2 bits (of 3) from port B of cell opcode_unit.$procmux$925_CMP0 ($eq).
Removed top 1 bits (of 3) from port B of cell opcode_unit.$procmux$924_CMP0 ($eq).
Removed top 1 bits (of 3) from port B of cell opcode_unit.$procmux$923_CMP0 ($eq).
Removed top 7 bits (of 8) from mux cell opcode_unit.$ternary$design.sv:16$917 ($mux).
Removed top 7 bits (of 8) from wire opcode_unit.$ternary$design.sv:16$917_Y.

6.10. Executing OPT_CLEAN pass (remove unused cells and wires).
Finding unused cells or wires in module \opcode_unit..
Removed 0 unused cells and 1 unused wires.
<suppressed ~1 debug messages>

6.11. Executing MEMORY_COLLECT pass (generating $mem cells).

6.12. Executing OPT pass (performing simple optimizations).

6.12.1. Executing OPT_EXPR pass (perform const folding).
Optimizing module opcode_unit.

6.12.2. Executing OPT_MERGE pass (detect identical cells).
Finding identical cells in module `\opcode_unit'.
Computing hashes of 17 cells of `\opcode_unit'.
Finding duplicate cells in `\opcode_unit'.
Removed a total of 0 cells.

6.12.3. Executing OPT_CLEAN pass (remove unused cells and wires).
Finding unused cells or wires in module \opcode_unit..

6.12.4. Finished fast OPT passes.

6.13. Executing SORT pass.

6.14. Printing statistics.

=== opcode_unit ===

        +----------Local Count, excluding submodules.
        | 
       20 wires
       99 wire bits
        4 public wires
       27 public wire bits
        4 ports
       27 port bits
       17 cells
        1   $add
        1   $and
        6   $eq
        1   $logic_not
        1   $lt
        1   $mux
        1   $or
        1   $pmux
        1   $shl
        1   $shr
        1   $sub
        1   $xor

6.15. Executing CHECK pass (checking for obvious problems).
Checking module opcode_unit...
Found and reported 0 problems.

7. Executing TECHMAP pass (map to technology primitives).

7.1. Executing Verilog-2005 frontend: /opt/homebrew/bin/../share/yosys/techmap.v
Parsing Verilog input from `/opt/homebrew/bin/../share/yosys/techmap.v' to AST representation.
Generating RTLIL representation for module `\_90_simplemap_bool_ops'.
Generating RTLIL representation for module `\_90_simplemap_reduce_ops'.
Generating RTLIL representation for module `\_90_simplemap_logic_ops'.
Generating RTLIL representation for module `\_90_simplemap_compare_ops'.
Generating RTLIL representation for module `\_90_simplemap_various'.
Generating RTLIL representation for module `\_90_simplemap_registers'.
Generating RTLIL representation for module `\_90_shift_ops_shr_shl_sshl_sshr'.
Generating RTLIL representation for module `\_90_shift_shiftx'.
Generating RTLIL representation for module `\_90_fa'.
Generating RTLIL representation for module `\_90_lcu_brent_kung'.
Generating RTLIL representation for module `\_90_alu'.
Generating RTLIL representation for module `\_90_macc'.
Generating RTLIL representation for module `\_90_alumacc'.
Generating RTLIL representation for module `$__div_mod_u'.
Generating RTLIL representation for module `$__div_mod_trunc'.
Generating RTLIL representation for module `\_90_div'.
Generating RTLIL representation for module `\_90_mod'.
Generating RTLIL representation for module `$__div_mod_floor'.
Generating RTLIL representation for module `\_90_divfloor'.
Generating RTLIL representation for module `\_90_modfloor'.
Generating RTLIL representation for module `\_90_pow'.
Generating RTLIL representation for module `\_90_demux'.
Generating RTLIL representation for module `\_90_lut'.
Generating RTLIL representation for module `$connect'.
Generating RTLIL representation for module `$input_port'.
Successfully finished Verilog frontend.

7.2. Continuing TECHMAP pass.
Using extmapper simplemap for cells of type $logic_not.
Using extmapper simplemap for cells of type $eq.
Using extmapper simplemap for cells of type $pmux.
Using extmapper simplemap for cells of type $mux.
Running "alumacc" on wrapper $extern:wrap:$lt:A_SIGNED=0:A_WIDTH=8:B_SIGNED=0:B_WIDTH=8:Y_WIDTH=1:394426c56d1a028ba8fdd5469b163e04011def47.
Using template $extern:wrap:$lt:A_SIGNED=0:A_WIDTH=8:B_SIGNED=0:B_WIDTH=8:Y_WIDTH=1:394426c56d1a028ba8fdd5469b163e04011def47 for cells of type $extern:wrap:$lt:A_SIGNED=0:A_WIDTH=8:B_SIGNED=0:B_WIDTH=8:Y_WIDTH=1:394426c56d1a028ba8fdd5469b163e04011def47.
Using template $paramod$constmap:16279b42aacb7578dbc4491d23e007825b9fd2dc$paramod$e02a20504e61ebe09eb52d686bcb6c2238e4a84f\_90_shift_ops_shr_shl_sshl_sshr for cells of type $shr.
Using template $paramod$constmap:16279b42aacb7578dbc4491d23e007825b9fd2dc$paramod$07b7add2a98e6a8075092e1e89aa3751e6a000b0\_90_shift_ops_shr_shl_sshl_sshr for cells of type $shl.
Using extmapper simplemap for cells of type $xor.
Using extmapper simplemap for cells of type $or.
Using extmapper simplemap for cells of type $and.
Running "alumacc" on wrapper $extern:wrap:$sub:A_SIGNED=0:A_WIDTH=8:B_SIGNED=0:B_WIDTH=8:Y_WIDTH=8:394426c56d1a028ba8fdd5469b163e04011def47.
Using template $extern:wrap:$sub:A_SIGNED=0:A_WIDTH=8:B_SIGNED=0:B_WIDTH=8:Y_WIDTH=8:394426c56d1a028ba8fdd5469b163e04011def47 for cells of type $extern:wrap:$sub:A_SIGNED=0:A_WIDTH=8:B_SIGNED=0:B_WIDTH=8:Y_WIDTH=8:394426c56d1a028ba8fdd5469b163e04011def47.
Running "alumacc" on wrapper $extern:wrap:$add:A_SIGNED=0:A_WIDTH=8:B_SIGNED=0:B_WIDTH=8:Y_WIDTH=8:394426c56d1a028ba8fdd5469b163e04011def47.
Using template $extern:wrap:$add:A_SIGNED=0:A_WIDTH=8:B_SIGNED=0:B_WIDTH=8:Y_WIDTH=8:394426c56d1a028ba8fdd5469b163e04011def47 for cells of type $extern:wrap:$add:A_SIGNED=0:A_WIDTH=8:B_SIGNED=0:B_WIDTH=8:Y_WIDTH=8:394426c56d1a028ba8fdd5469b163e04011def47.
Using template $paramod$a1bc51c02ce12ac21eb18988e83292af48ed7d72\_90_alu for cells of type $alu.
Using extmapper simplemap for cells of type $not.
Using extmapper simplemap for cells of type $pos.
Using template $paramod\_90_fa\WIDTH=32'00000000000000000000000000001000 for cells of type $fa.
Using template $paramod\_90_lcu_brent_kung\WIDTH=32'00000000000000000000000000001000 for cells of type $lcu.
No more expansions possible.
<suppressed ~726 debug messages>

8. Executing OPT_CLEAN pass (remove unused cells and wires).
Finding unused cells or wires in module \opcode_unit..
Removed 41 unused cells and 144 unused wires.
<suppressed ~42 debug messages>
Renaming module opcode_unit to gate.

9. Executing MITER pass (creating miter circuit).
Creating miter cell "equiv_miter" with gold cell "gold" and gate cell "gate".

9.1. Executing FLATTEN pass (flatten design).
<suppressed ~2 debug messages>

9.2. Executing OPT_EXPR pass (perform const folding).
Optimizing module equiv_miter.
<suppressed ~234 debug messages>
Removed 18 unused cells and 48 unused wires.

10. Executing PREP pass.

10.1. Executing HIERARCHY pass (managing design hierarchy).

10.1.1. Analyzing design hierarchy..
Top module:  \equiv_miter

10.1.2. Analyzing design hierarchy..
Top module:  \equiv_miter
Removing unused module `\gate'.
Removing unused module `\gold'.
Removed 2 unused modules.
Module equiv_miter directly or indirectly contains formal properties -> setting "keep" attribute.

10.2. Executing PROC pass (convert processes to netlists).

10.2.1. Executing PROC_CLEAN pass (remove empty switches from decision trees).
Cleaned up 0 empty switches.

10.2.2. Executing PROC_RMDEAD pass (remove dead branches from decision trees).
Removed a total of 0 dead cases.

10.2.3. Executing PROC_PRUNE pass (remove redundant assignments in processes).
Removed 0 redundant assignments.
Promoted 0 assignments to connections.

10.2.4. Executing PROC_INIT pass (extract init attributes).

10.2.5. Executing PROC_ARST pass (detect async resets in processes).

10.2.6. Executing PROC_ROM pass (convert switches to ROMs).
Converted 0 switches.

10.2.7. Executing PROC_MUX pass (convert decision trees to multiplexers).

10.2.8. Executing PROC_DLATCH pass (convert process syncs to latches).

10.2.9. Executing PROC_DFF pass (convert process syncs to FFs).

10.2.10. Executing PROC_MEMWR pass (convert process memory writes to cells).

10.2.11. Executing PROC_CLEAN pass (remove empty switches from decision trees).
Cleaned up 0 empty switches.

10.2.12. Executing OPT_EXPR pass (perform const folding).
Optimizing module equiv_miter.

10.3. Executing FLATTEN pass (flatten design).

10.4. Executing FUTURE pass.

10.5. Executing OPT_EXPR pass (perform const folding).
Optimizing module equiv_miter.

10.6. Executing OPT_CLEAN pass (remove unused cells and wires).
Finding unused cells or wires in module \equiv_miter..

10.7. Executing CHECK pass (checking for obvious problems).
Checking module equiv_miter...
Found and reported 0 problems.

10.8. Executing OPT pass (performing simple optimizations).

10.8.1. Executing OPT_EXPR pass (perform const folding).
Optimizing module equiv_miter.

10.8.2. Executing OPT_MERGE pass (detect identical cells).
Finding identical cells in module `\equiv_miter'.
Computing hashes of 713 cells of `\equiv_miter'.
Finding duplicate cells in `\equiv_miter'.
Computing hashes of 601 cells of `\equiv_miter'.
Finding duplicate cells in `\equiv_miter'.
Computing hashes of 524 cells of `\equiv_miter'.
Finding duplicate cells in `\equiv_miter'.
Computing hashes of 480 cells of `\equiv_miter'.
Finding duplicate cells in `\equiv_miter'.
Computing hashes of 450 cells of `\equiv_miter'.
Finding duplicate cells in `\equiv_miter'.
Computing hashes of 406 cells of `\equiv_miter'.
Finding duplicate cells in `\equiv_miter'.
Computing hashes of 376 cells of `\equiv_miter'.
Finding duplicate cells in `\equiv_miter'.
Computing hashes of 356 cells of `\equiv_miter'.
Finding duplicate cells in `\equiv_miter'.
Computing hashes of 345 cells of `\equiv_miter'.
Finding duplicate cells in `\equiv_miter'.
Computing hashes of 335 cells of `\equiv_miter'.
Finding duplicate cells in `\equiv_miter'.
Computing hashes of 327 cells of `\equiv_miter'.
Finding duplicate cells in `\equiv_miter'.
Computing hashes of 319 cells of `\equiv_miter'.
Finding duplicate cells in `\equiv_miter'.
Computing hashes of 314 cells of `\equiv_miter'.
Finding duplicate cells in `\equiv_miter'.
Computing hashes of 309 cells of `\equiv_miter'.
Finding duplicate cells in `\equiv_miter'.
Computing hashes of 306 cells of `\equiv_miter'.
Finding duplicate cells in `\equiv_miter'.
Computing hashes of 303 cells of `\equiv_miter'.
Finding duplicate cells in `\equiv_miter'.
Computing hashes of 302 cells of `\equiv_miter'.
Finding duplicate cells in `\equiv_miter'.
Computing hashes of 301 cells of `\equiv_miter'.
Finding duplicate cells in `\equiv_miter'.
<suppressed ~1236 debug messages>
Removed a total of 412 cells.

10.8.3. Executing OPT_MUXTREE pass (detect dead branches in mux trees).
Running muxtree optimizer on module \equiv_miter..
  Creating internal representation of mux trees.
  No muxes found in this module.
Removed 0 multiplexer ports.

10.8.4. Executing OPT_REDUCE pass (consolidate $*mux and $reduce_* inputs).
  Optimizing cells in module \equiv_miter.
Performed a total of 0 changes.

10.8.5. Executing OPT_MERGE pass (detect identical cells).
Finding identical cells in module `\equiv_miter'.
Computing hashes of 301 cells of `\equiv_miter'.
Finding duplicate cells in `\equiv_miter'.
Removed a total of 0 cells.

10.8.6. Executing OPT_CLEAN pass (remove unused cells and wires).
Finding unused cells or wires in module \equiv_miter..
Removed 0 unused cells and 196 unused wires.
<suppressed ~1 debug messages>

10.8.7. Executing OPT_EXPR pass (perform const folding).
Optimizing module equiv_miter.
<suppressed ~2 debug messages>

10.8.8. Rerunning OPT passes. (Maybe there is more to do..)

10.8.9. Executing OPT_MUXTREE pass (detect dead branches in mux trees).
Running muxtree optimizer on module \equiv_miter..
  Creating internal representation of mux trees.
  No muxes found in this module.
Removed 0 multiplexer ports.

10.8.10. Executing OPT_REDUCE pass (consolidate $*mux and $reduce_* inputs).
  Optimizing cells in module \equiv_miter.
Performed a total of 0 changes.

10.8.11. Executing OPT_MERGE pass (detect identical cells).
Finding identical cells in module `\equiv_miter'.
Computing hashes of 299 cells of `\equiv_miter'.
Finding duplicate cells in `\equiv_miter'.
Removed a total of 0 cells.

10.8.12. Executing OPT_CLEAN pass (remove unused cells and wires).
Finding unused cells or wires in module \equiv_miter..
Removed 0 unused cells and 1 unused wires.
<suppressed ~1 debug messages>

10.8.13. Executing OPT_EXPR pass (perform const folding).
Optimizing module equiv_miter.

10.8.14. Rerunning OPT passes. (Maybe there is more to do..)

10.8.15. Executing OPT_MUXTREE pass (detect dead branches in mux trees).
Running muxtree optimizer on module \equiv_miter..
  Creating internal representation of mux trees.
  No muxes found in this module.
Removed 0 multiplexer ports.

10.8.16. Executing OPT_REDUCE pass (consolidate $*mux and $reduce_* inputs).
  Optimizing cells in module \equiv_miter.
Performed a total of 0 changes.

10.8.17. Executing OPT_MERGE pass (detect identical cells).
Finding identical cells in module `\equiv_miter'.
Computing hashes of 299 cells of `\equiv_miter'.
Finding duplicate cells in `\equiv_miter'.
Removed a total of 0 cells.

10.8.18. Executing OPT_CLEAN pass (remove unused cells and wires).
Finding unused cells or wires in module \equiv_miter..

10.8.19. Executing OPT_EXPR pass (perform const folding).
Optimizing module equiv_miter.

10.8.20. Finished fast OPT passes. (There is nothing left to do.)

10.9. Executing WREDUCE pass (reducing word size of cells).
Removed top 7 bits (of 8) from wire equiv_miter.$flatten\gate.$auto$wreduce.cc:514:run$927.

10.10. Executing OPT_CLEAN pass (remove unused cells and wires).
Finding unused cells or wires in module \equiv_miter..
Removed 0 unused cells and 1 unused wires.
<suppressed ~1 debug messages>

10.11. Executing MEMORY_COLLECT pass (generating $mem cells).

10.12. Executing OPT pass (performing simple optimizations).

10.12.1. Executing OPT_EXPR pass (perform const folding).
Optimizing module equiv_miter.

10.12.2. Executing OPT_MERGE pass (detect identical cells).
Finding identical cells in module `\equiv_miter'.
Computing hashes of 299 cells of `\equiv_miter'.
Finding duplicate cells in `\equiv_miter'.
Removed a total of 0 cells.

10.12.3. Executing OPT_CLEAN pass (remove unused cells and wires).
Finding unused cells or wires in module \equiv_miter..

10.12.4. Finished fast OPT passes.

10.13. Executing SORT pass.

10.14. Printing statistics.

=== equiv_miter ===

        +----------Local Count, excluding submodules.
        | 
      168 wires
      404 wire bits
       14 public wires
       90 public wire bits
        6 ports
       36 port bits
      299 cells
       97   $_AND_
       56   $_MUX_
       20   $_NOT_
       93   $_OR_
       30   $_XOR_
        1   $assert
        2   $scopeinfo

10.15. Executing CHECK pass (checking for obvious problems).
Checking module equiv_miter...
Found and reported 0 problems.

11. Executing SAT pass (solving SAT problems in the circuit).
Using SAT solver `minisat`.

Setting up time step 1:
Final constraint equation: { } = { }
Imported 299 cells to SAT database.
No constraints for initial state found.

Import proof for assert: 1'1 when 1'1.
Import show expression: \in_a
Import show expression: \in_b
Import show expression: \in_op
Import show expression: \gate_y
Import show expression: \gold_y
Import show expression: \trigger

Solving problem with 1620 variables and 4209 clauses..
SAT proof finished - no model found: SUCCESS!

                  /$$$$$$      /$$$$$$$$     /$$$$$$$    
                 /$$__  $$    | $$_____/    | $$__  $$   
                | $$  \ $$    | $$          | $$  \ $$   
                | $$  | $$    | $$$$$       | $$  | $$   
                | $$  | $$    | $$__/       | $$  | $$   
                | $$/$$ $$    | $$          | $$  | $$   
                |  $$$$$$/ /$$| $$$$$$$$ /$$| $$$$$$$//$$
                 \____ $$$|__/|________/|__/|_______/|__/
                       \__/                              

End of script. Logfile hash: 8b44bd32fd, time: 0.07s, user: 0.06s, system: 0.00s, MEM: 24.23 MB peak
Yosys 0.66 (git sha1 7f8fdfd8d7bc08c749a2a969388d3425d4f369d5, clang++ 21.0.0 -fPIC -O3)
Time spent: 20% 2x techmap (0 sec), 14% 6x read_verilog (0 sec), ...

