
 /----------------------------------------------------------------------------\
 |  yosys -- Yosys Open SYnthesis Suite                                       |
 |  Copyright (C) 2012 - 2026  Claire Xenia Wolf <claire@yosyshq.com>         |
 |  Distributed under an ISC-like license, type "license" to see terms        |
 \----------------------------------------------------------------------------/
 Yosys 0.66 (git sha1 7f8fdfd8d7bc08c749a2a969388d3425d4f369d5, clang++ 21.0.0 -fPIC -O3)

-- Executing script file `build/synthesized-reference.ys' --

1. Executing Verilog-2005 frontend: reference.sv
Parsing SystemVerilog input from `reference.sv' to AST representation.
Generating RTLIL representation for module `\signed_clamp'.
Successfully finished Verilog frontend.

2. Executing PREP pass.

2.1. Executing HIERARCHY pass (managing design hierarchy).

2.1.1. Analyzing design hierarchy..
Top module:  \signed_clamp

2.1.2. Analyzing design hierarchy..
Top module:  \signed_clamp
Removed 0 unused modules.

2.2. Executing PROC pass (convert processes to netlists).

2.2.1. Executing PROC_CLEAN pass (remove empty switches from decision trees).
Cleaned up 0 empty switches.

2.2.2. Executing PROC_RMDEAD pass (remove dead branches from decision trees).
Marked 2 switch rules as full_case in process $proc$reference.sv:4$1 in module signed_clamp.
Removed a total of 0 dead cases.

2.2.3. Executing PROC_PRUNE pass (remove redundant assignments in processes).
Removed 0 redundant assignments.
Promoted 1 assignment to connection.

2.2.4. Executing PROC_INIT pass (extract init attributes).

2.2.5. Executing PROC_ARST pass (detect async resets in processes).

2.2.6. Executing PROC_ROM pass (convert switches to ROMs).
Converted 0 switches.
<suppressed ~2 debug messages>

2.2.7. Executing PROC_MUX pass (convert decision trees to multiplexers).
Creating decoders for process `\signed_clamp.$proc$reference.sv:4$1'.
     1/2: $2\y[7:0]
     2/2: $1\y[7:0]

2.2.8. Executing PROC_DLATCH pass (convert process syncs to latches).
No latch inferred for signal `\signed_clamp.\y' from process `\signed_clamp.$proc$reference.sv:4$1'.

2.2.9. Executing PROC_DFF pass (convert process syncs to FFs).

2.2.10. Executing PROC_MEMWR pass (convert process memory writes to cells).

2.2.11. Executing PROC_CLEAN pass (remove empty switches from decision trees).
Found and cleaned up 2 empty switches in `\signed_clamp.$proc$reference.sv:4$1'.
Removing empty process `signed_clamp.$proc$reference.sv:4$1'.
Cleaned up 2 empty switches.

2.2.12. Executing OPT_EXPR pass (perform const folding).
Optimizing module signed_clamp.

2.3. Executing FLATTEN pass (flatten design).

2.4. Executing FUTURE pass.

2.5. Executing OPT_EXPR pass (perform const folding).
Optimizing module signed_clamp.

2.6. Executing OPT_CLEAN pass (remove unused cells and wires).
Finding unused cells or wires in module \signed_clamp..
Removed 0 unused cells and 7 unused wires.
<suppressed ~1 debug messages>

2.7. Executing CHECK pass (checking for obvious problems).
Checking module signed_clamp...
Found and reported 0 problems.

2.8. Executing OPT pass (performing simple optimizations).

2.8.1. Executing OPT_EXPR pass (perform const folding).
Optimizing module signed_clamp.

2.8.2. Executing OPT_MERGE pass (detect identical cells).
Finding identical cells in module `\signed_clamp'.
Computing hashes of 5 cells of `\signed_clamp'.
Finding duplicate cells in `\signed_clamp'.
Removed a total of 0 cells.

2.8.3. Executing OPT_MUXTREE pass (detect dead branches in mux trees).
Running muxtree optimizer on module \signed_clamp..
  Creating internal representation of mux trees.
  Evaluating internal representation of mux trees.
  Analyzing evaluation results.
    dead port 1/2 on $mux $procmux$8.
Removed 1 multiplexer ports.
<suppressed ~4 debug messages>

2.8.4. Executing OPT_REDUCE pass (consolidate $*mux and $reduce_* inputs).
  Optimizing cells in module \signed_clamp.
Performed a total of 0 changes.

2.8.5. Executing OPT_MERGE pass (detect identical cells).
Finding identical cells in module `\signed_clamp'.
Computing hashes of 4 cells of `\signed_clamp'.
Finding duplicate cells in `\signed_clamp'.
Removed a total of 0 cells.

2.8.6. Executing OPT_CLEAN pass (remove unused cells and wires).
Finding unused cells or wires in module \signed_clamp..
Removed 0 unused cells and 1 unused wires.
<suppressed ~1 debug messages>

2.8.7. Executing OPT_EXPR pass (perform const folding).
Optimizing module signed_clamp.

2.8.8. Rerunning OPT passes. (Maybe there is more to do..)

2.8.9. Executing OPT_MUXTREE pass (detect dead branches in mux trees).
Running muxtree optimizer on module \signed_clamp..
  Creating internal representation of mux trees.
  Evaluating internal representation of mux trees.
  Analyzing evaluation results.
Removed 0 multiplexer ports.
<suppressed ~3 debug messages>

2.8.10. Executing OPT_REDUCE pass (consolidate $*mux and $reduce_* inputs).
  Optimizing cells in module \signed_clamp.
Performed a total of 0 changes.

2.8.11. Executing OPT_MERGE pass (detect identical cells).
Finding identical cells in module `\signed_clamp'.
Computing hashes of 4 cells of `\signed_clamp'.
Finding duplicate cells in `\signed_clamp'.
Removed a total of 0 cells.

2.8.12. Executing OPT_CLEAN pass (remove unused cells and wires).
Finding unused cells or wires in module \signed_clamp..

2.8.13. Executing OPT_EXPR pass (perform const folding).
Optimizing module signed_clamp.

2.8.14. Finished fast OPT passes. (There is nothing left to do.)

2.9. Executing WREDUCE pass (reducing word size of cells).

2.10. Executing OPT_CLEAN pass (remove unused cells and wires).
Finding unused cells or wires in module \signed_clamp..

2.11. Executing MEMORY_COLLECT pass (generating $mem cells).

2.12. Executing OPT pass (performing simple optimizations).

2.12.1. Executing OPT_EXPR pass (perform const folding).
Optimizing module signed_clamp.

2.12.2. Executing OPT_MERGE pass (detect identical cells).
Finding identical cells in module `\signed_clamp'.
Computing hashes of 4 cells of `\signed_clamp'.
Finding duplicate cells in `\signed_clamp'.
Removed a total of 0 cells.

2.12.3. Executing OPT_CLEAN pass (remove unused cells and wires).
Finding unused cells or wires in module \signed_clamp..

2.12.4. Finished fast OPT passes.

2.13. Executing SORT pass.

2.14. Printing statistics.

=== signed_clamp ===

        +----------Local Count, excluding submodules.
        | 
        7 wires
       42 wire bits
        4 public wires
       32 public wire bits
        4 ports
       32 port bits
        4 cells
        1   $gt
        1   $lt
        2   $mux

2.15. Executing CHECK pass (checking for obvious problems).
Checking module signed_clamp...
Found and reported 0 problems.

3. Executing TECHMAP pass (map to technology primitives).

3.1. Executing Verilog-2005 frontend: /opt/homebrew/bin/../share/yosys/techmap.v
Parsing Verilog input from `/opt/homebrew/bin/../share/yosys/techmap.v' to AST representation.
Generating RTLIL representation for module `\_90_simplemap_bool_ops'.
Generating RTLIL representation for module `\_90_simplemap_reduce_ops'.
Generating RTLIL representation for module `\_90_simplemap_logic_ops'.
Generating RTLIL representation for module `\_90_simplemap_compare_ops'.
Generating RTLIL representation for module `\_90_simplemap_various'.
Generating RTLIL representation for module `\_90_simplemap_registers'.
Generating RTLIL representation for module `\_90_shift_ops_shr_shl_sshl_sshr'.
Generating RTLIL representation for module `\_90_shift_shiftx'.
Generating RTLIL representation for module `\_90_fa'.
Generating RTLIL representation for module `\_90_lcu_brent_kung'.
Generating RTLIL representation for module `\_90_alu'.
Generating RTLIL representation for module `\_90_macc'.
Generating RTLIL representation for module `\_90_alumacc'.
Generating RTLIL representation for module `$__div_mod_u'.
Generating RTLIL representation for module `$__div_mod_trunc'.
Generating RTLIL representation for module `\_90_div'.
Generating RTLIL representation for module `\_90_mod'.
Generating RTLIL representation for module `$__div_mod_floor'.
Generating RTLIL representation for module `\_90_divfloor'.
Generating RTLIL representation for module `\_90_modfloor'.
Generating RTLIL representation for module `\_90_pow'.
Generating RTLIL representation for module `\_90_demux'.
Generating RTLIL representation for module `\_90_lut'.
Generating RTLIL representation for module `$connect'.
Generating RTLIL representation for module `$input_port'.
Successfully finished Verilog frontend.

3.2. Continuing TECHMAP pass.
Running "alumacc" on wrapper $extern:wrap:$lt:A_SIGNED=1:A_WIDTH=8:B_SIGNED=1:B_WIDTH=8:Y_WIDTH=1:394426c56d1a028ba8fdd5469b163e04011def47.
Using template $extern:wrap:$lt:A_SIGNED=1:A_WIDTH=8:B_SIGNED=1:B_WIDTH=8:Y_WIDTH=1:394426c56d1a028ba8fdd5469b163e04011def47 for cells of type $extern:wrap:$lt:A_SIGNED=1:A_WIDTH=8:B_SIGNED=1:B_WIDTH=8:Y_WIDTH=1:394426c56d1a028ba8fdd5469b163e04011def47.
Running "alumacc" on wrapper $extern:wrap:$gt:A_SIGNED=1:A_WIDTH=8:B_SIGNED=1:B_WIDTH=8:Y_WIDTH=1:394426c56d1a028ba8fdd5469b163e04011def47.
Using template $extern:wrap:$gt:A_SIGNED=1:A_WIDTH=8:B_SIGNED=1:B_WIDTH=8:Y_WIDTH=1:394426c56d1a028ba8fdd5469b163e04011def47 for cells of type $extern:wrap:$gt:A_SIGNED=1:A_WIDTH=8:B_SIGNED=1:B_WIDTH=8:Y_WIDTH=1:394426c56d1a028ba8fdd5469b163e04011def47.
Using extmapper simplemap for cells of type $mux.
Using extmapper simplemap for cells of type $xor.
Using template $paramod$08c2d337fba0d8fba53e35b89be96dd105931d9e\_90_alu for cells of type $alu.
Using extmapper simplemap for cells of type $or.
Using extmapper simplemap for cells of type $reduce_and.
Using extmapper simplemap for cells of type $not.
Using template $paramod\_90_fa\WIDTH=32'00000000000000000000000000001000 for cells of type $fa.
Using template $paramod\_90_lcu_brent_kung\WIDTH=32'00000000000000000000000000001000 for cells of type $lcu.
Using extmapper simplemap for cells of type $pos.
Using extmapper simplemap for cells of type $and.
No more expansions possible.
<suppressed ~345 debug messages>

4. Executing OPT_CLEAN pass (remove unused cells and wires).
Finding unused cells or wires in module \signed_clamp..
Removed 24 unused cells and 79 unused wires.
<suppressed ~25 debug messages>
Renaming module signed_clamp to gold.

5. Executing Verilog-2005 frontend: design.sv
Parsing SystemVerilog input from `design.sv' to AST representation.
Generating RTLIL representation for module `\signed_clamp'.
Successfully finished Verilog frontend.

6. Executing PREP pass.

6.1. Executing HIERARCHY pass (managing design hierarchy).

6.1.1. Analyzing design hierarchy..
Top module:  \signed_clamp

6.1.2. Analyzing design hierarchy..
Top module:  \signed_clamp
Removed 0 unused modules.

6.2. Executing PROC pass (convert processes to netlists).

6.2.1. Executing PROC_CLEAN pass (remove empty switches from decision trees).
Cleaned up 0 empty switches.

6.2.2. Executing PROC_RMDEAD pass (remove dead branches from decision trees).
Marked 2 switch rules as full_case in process $proc$design.sv:7$368 in module signed_clamp.
Removed a total of 0 dead cases.

6.2.3. Executing PROC_PRUNE pass (remove redundant assignments in processes).
Removed 0 redundant assignments.
Promoted 1 assignment to connection.

6.2.4. Executing PROC_INIT pass (extract init attributes).

6.2.5. Executing PROC_ARST pass (detect async resets in processes).

6.2.6. Executing PROC_ROM pass (convert switches to ROMs).
Converted 0 switches.
<suppressed ~2 debug messages>

6.2.7. Executing PROC_MUX pass (convert decision trees to multiplexers).
Creating decoders for process `\signed_clamp.$proc$design.sv:7$368'.
     1/2: $2\y[7:0]
     2/2: $1\y[7:0]

6.2.8. Executing PROC_DLATCH pass (convert process syncs to latches).
No latch inferred for signal `\signed_clamp.\y' from process `\signed_clamp.$proc$design.sv:7$368'.

6.2.9. Executing PROC_DFF pass (convert process syncs to FFs).

6.2.10. Executing PROC_MEMWR pass (convert process memory writes to cells).

6.2.11. Executing PROC_CLEAN pass (remove empty switches from decision trees).
Found and cleaned up 2 empty switches in `\signed_clamp.$proc$design.sv:7$368'.
Removing empty process `signed_clamp.$proc$design.sv:7$368'.
Cleaned up 2 empty switches.

6.2.12. Executing OPT_EXPR pass (perform const folding).
Optimizing module signed_clamp.

6.3. Executing FLATTEN pass (flatten design).

6.4. Executing FUTURE pass.

6.5. Executing OPT_EXPR pass (perform const folding).
Optimizing module signed_clamp.

6.6. Executing OPT_CLEAN pass (remove unused cells and wires).
Finding unused cells or wires in module \signed_clamp..
Removed 0 unused cells and 7 unused wires.
<suppressed ~1 debug messages>

6.7. Executing CHECK pass (checking for obvious problems).
Checking module signed_clamp...
Found and reported 0 problems.

6.8. Executing OPT pass (performing simple optimizations).

6.8.1. Executing OPT_EXPR pass (perform const folding).
Optimizing module signed_clamp.

6.8.2. Executing OPT_MERGE pass (detect identical cells).
Finding identical cells in module `\signed_clamp'.
Computing hashes of 5 cells of `\signed_clamp'.
Finding duplicate cells in `\signed_clamp'.
Removed a total of 0 cells.

6.8.3. Executing OPT_MUXTREE pass (detect dead branches in mux trees).
Running muxtree optimizer on module \signed_clamp..
  Creating internal representation of mux trees.
  Evaluating internal representation of mux trees.
  Analyzing evaluation results.
    dead port 1/2 on $mux $procmux$375.
Removed 1 multiplexer ports.
<suppressed ~4 debug messages>

6.8.4. Executing OPT_REDUCE pass (consolidate $*mux and $reduce_* inputs).
  Optimizing cells in module \signed_clamp.
Performed a total of 0 changes.

6.8.5. Executing OPT_MERGE pass (detect identical cells).
Finding identical cells in module `\signed_clamp'.
Computing hashes of 4 cells of `\signed_clamp'.
Finding duplicate cells in `\signed_clamp'.
Removed a total of 0 cells.

6.8.6. Executing OPT_CLEAN pass (remove unused cells and wires).
Finding unused cells or wires in module \signed_clamp..
Removed 0 unused cells and 1 unused wires.
<suppressed ~1 debug messages>

6.8.7. Executing OPT_EXPR pass (perform const folding).
Optimizing module signed_clamp.

6.8.8. Rerunning OPT passes. (Maybe there is more to do..)

6.8.9. Executing OPT_MUXTREE pass (detect dead branches in mux trees).
Running muxtree optimizer on module \signed_clamp..
  Creating internal representation of mux trees.
  Evaluating internal representation of mux trees.
  Analyzing evaluation results.
Removed 0 multiplexer ports.
<suppressed ~3 debug messages>

6.8.10. Executing OPT_REDUCE pass (consolidate $*mux and $reduce_* inputs).
  Optimizing cells in module \signed_clamp.
Performed a total of 0 changes.

6.8.11. Executing OPT_MERGE pass (detect identical cells).
Finding identical cells in module `\signed_clamp'.
Computing hashes of 4 cells of `\signed_clamp'.
Finding duplicate cells in `\signed_clamp'.
Removed a total of 0 cells.

6.8.12. Executing OPT_CLEAN pass (remove unused cells and wires).
Finding unused cells or wires in module \signed_clamp..

6.8.13. Executing OPT_EXPR pass (perform const folding).
Optimizing module signed_clamp.

6.8.14. Finished fast OPT passes. (There is nothing left to do.)

6.9. Executing WREDUCE pass (reducing word size of cells).

6.10. Executing OPT_CLEAN pass (remove unused cells and wires).
Finding unused cells or wires in module \signed_clamp..

6.11. Executing MEMORY_COLLECT pass (generating $mem cells).

6.12. Executing OPT pass (performing simple optimizations).

6.12.1. Executing OPT_EXPR pass (perform const folding).
Optimizing module signed_clamp.

6.12.2. Executing OPT_MERGE pass (detect identical cells).
Finding identical cells in module `\signed_clamp'.
Computing hashes of 4 cells of `\signed_clamp'.
Finding duplicate cells in `\signed_clamp'.
Removed a total of 0 cells.

6.12.3. Executing OPT_CLEAN pass (remove unused cells and wires).
Finding unused cells or wires in module \signed_clamp..

6.12.4. Finished fast OPT passes.

6.13. Executing SORT pass.

6.14. Printing statistics.

=== signed_clamp ===

        +----------Local Count, excluding submodules.
        | 
        7 wires
       42 wire bits
        4 public wires
       32 public wire bits
        4 ports
       32 port bits
        4 cells
        1   $gt
        1   $lt
        2   $mux

6.15. Executing CHECK pass (checking for obvious problems).
Checking module signed_clamp...
Found and reported 0 problems.

7. Executing TECHMAP pass (map to technology primitives).

7.1. Executing Verilog-2005 frontend: /opt/homebrew/bin/../share/yosys/techmap.v
Parsing Verilog input from `/opt/homebrew/bin/../share/yosys/techmap.v' to AST representation.
Generating RTLIL representation for module `\_90_simplemap_bool_ops'.
Generating RTLIL representation for module `\_90_simplemap_reduce_ops'.
Generating RTLIL representation for module `\_90_simplemap_logic_ops'.
Generating RTLIL representation for module `\_90_simplemap_compare_ops'.
Generating RTLIL representation for module `\_90_simplemap_various'.
Generating RTLIL representation for module `\_90_simplemap_registers'.
Generating RTLIL representation for module `\_90_shift_ops_shr_shl_sshl_sshr'.
Generating RTLIL representation for module `\_90_shift_shiftx'.
Generating RTLIL representation for module `\_90_fa'.
Generating RTLIL representation for module `\_90_lcu_brent_kung'.
Generating RTLIL representation for module `\_90_alu'.
Generating RTLIL representation for module `\_90_macc'.
Generating RTLIL representation for module `\_90_alumacc'.
Generating RTLIL representation for module `$__div_mod_u'.
Generating RTLIL representation for module `$__div_mod_trunc'.
Generating RTLIL representation for module `\_90_div'.
Generating RTLIL representation for module `\_90_mod'.
Generating RTLIL representation for module `$__div_mod_floor'.
Generating RTLIL representation for module `\_90_divfloor'.
Generating RTLIL representation for module `\_90_modfloor'.
Generating RTLIL representation for module `\_90_pow'.
Generating RTLIL representation for module `\_90_demux'.
Generating RTLIL representation for module `\_90_lut'.
Generating RTLIL representation for module `$connect'.
Generating RTLIL representation for module `$input_port'.
Successfully finished Verilog frontend.

7.2. Continuing TECHMAP pass.
Using extmapper simplemap for cells of type $mux.
Running "alumacc" on wrapper $extern:wrap:$gt:A_SIGNED=1:A_WIDTH=8:B_SIGNED=1:B_WIDTH=8:Y_WIDTH=1:394426c56d1a028ba8fdd5469b163e04011def47.
Using template $extern:wrap:$gt:A_SIGNED=1:A_WIDTH=8:B_SIGNED=1:B_WIDTH=8:Y_WIDTH=1:394426c56d1a028ba8fdd5469b163e04011def47 for cells of type $extern:wrap:$gt:A_SIGNED=1:A_WIDTH=8:B_SIGNED=1:B_WIDTH=8:Y_WIDTH=1:394426c56d1a028ba8fdd5469b163e04011def47.
Running "alumacc" on wrapper $extern:wrap:$lt:A_SIGNED=1:A_WIDTH=8:B_SIGNED=1:B_WIDTH=8:Y_WIDTH=1:394426c56d1a028ba8fdd5469b163e04011def47.
Using template $extern:wrap:$lt:A_SIGNED=1:A_WIDTH=8:B_SIGNED=1:B_WIDTH=8:Y_WIDTH=1:394426c56d1a028ba8fdd5469b163e04011def47 for cells of type $extern:wrap:$lt:A_SIGNED=1:A_WIDTH=8:B_SIGNED=1:B_WIDTH=8:Y_WIDTH=1:394426c56d1a028ba8fdd5469b163e04011def47.
Using extmapper simplemap for cells of type $xor.
Using template $paramod$08c2d337fba0d8fba53e35b89be96dd105931d9e\_90_alu for cells of type $alu.
Using extmapper simplemap for cells of type $not.
Using extmapper simplemap for cells of type $reduce_and.
Using extmapper simplemap for cells of type $or.
Using extmapper simplemap for cells of type $pos.
Using template $paramod\_90_fa\WIDTH=32'00000000000000000000000000001000 for cells of type $fa.
Using template $paramod\_90_lcu_brent_kung\WIDTH=32'00000000000000000000000000001000 for cells of type $lcu.
Using extmapper simplemap for cells of type $and.
No more expansions possible.
<suppressed ~345 debug messages>

8. Executing OPT_CLEAN pass (remove unused cells and wires).
Finding unused cells or wires in module \signed_clamp..
Removed 24 unused cells and 79 unused wires.
<suppressed ~25 debug messages>
Renaming module signed_clamp to gate.

9. Executing MITER pass (creating miter circuit).
Creating miter cell "equiv_miter" with gold cell "gold" and gate cell "gate".

9.1. Executing FLATTEN pass (flatten design).
<suppressed ~2 debug messages>

9.2. Executing OPT_EXPR pass (perform const folding).
Optimizing module equiv_miter.
<suppressed ~148 debug messages>
Removed 2 unused cells and 22 unused wires.

10. Executing PREP pass.

10.1. Executing HIERARCHY pass (managing design hierarchy).

10.1.1. Analyzing design hierarchy..
Top module:  \equiv_miter

10.1.2. Analyzing design hierarchy..
Top module:  \equiv_miter
Removing unused module `\gate'.
Removing unused module `\gold'.
Removed 2 unused modules.
Module equiv_miter directly or indirectly contains formal properties -> setting "keep" attribute.

10.2. Executing PROC pass (convert processes to netlists).

10.2.1. Executing PROC_CLEAN pass (remove empty switches from decision trees).
Cleaned up 0 empty switches.

10.2.2. Executing PROC_RMDEAD pass (remove dead branches from decision trees).
Removed a total of 0 dead cases.

10.2.3. Executing PROC_PRUNE pass (remove redundant assignments in processes).
Removed 0 redundant assignments.
Promoted 0 assignments to connections.

10.2.4. Executing PROC_INIT pass (extract init attributes).

10.2.5. Executing PROC_ARST pass (detect async resets in processes).

10.2.6. Executing PROC_ROM pass (convert switches to ROMs).
Converted 0 switches.

10.2.7. Executing PROC_MUX pass (convert decision trees to multiplexers).

10.2.8. Executing PROC_DLATCH pass (convert process syncs to latches).

10.2.9. Executing PROC_DFF pass (convert process syncs to FFs).

10.2.10. Executing PROC_MEMWR pass (convert process memory writes to cells).

10.2.11. Executing PROC_CLEAN pass (remove empty switches from decision trees).
Cleaned up 0 empty switches.

10.2.12. Executing OPT_EXPR pass (perform const folding).
Optimizing module equiv_miter.

10.3. Executing FLATTEN pass (flatten design).

10.4. Executing FUTURE pass.

10.5. Executing OPT_EXPR pass (perform const folding).
Optimizing module equiv_miter.

10.6. Executing OPT_CLEAN pass (remove unused cells and wires).
Finding unused cells or wires in module \equiv_miter..

10.7. Executing CHECK pass (checking for obvious problems).
Checking module equiv_miter...
Found and reported 0 problems.

10.8. Executing OPT pass (performing simple optimizations).

10.8.1. Executing OPT_EXPR pass (perform const folding).
Optimizing module equiv_miter.

10.8.2. Executing OPT_MERGE pass (detect identical cells).
Finding identical cells in module `\equiv_miter'.
Computing hashes of 253 cells of `\equiv_miter'.
Finding duplicate cells in `\equiv_miter'.
Computing hashes of 231 cells of `\equiv_miter'.
Finding duplicate cells in `\equiv_miter'.
Computing hashes of 197 cells of `\equiv_miter'.
Finding duplicate cells in `\equiv_miter'.
Computing hashes of 182 cells of `\equiv_miter'.
Finding duplicate cells in `\equiv_miter'.
Computing hashes of 171 cells of `\equiv_miter'.
Finding duplicate cells in `\equiv_miter'.
Computing hashes of 166 cells of `\equiv_miter'.
Finding duplicate cells in `\equiv_miter'.
Computing hashes of 162 cells of `\equiv_miter'.
Finding duplicate cells in `\equiv_miter'.
Computing hashes of 160 cells of `\equiv_miter'.
Finding duplicate cells in `\equiv_miter'.
Computing hashes of 156 cells of `\equiv_miter'.
Finding duplicate cells in `\equiv_miter'.
Computing hashes of 152 cells of `\equiv_miter'.
Finding duplicate cells in `\equiv_miter'.
Computing hashes of 150 cells of `\equiv_miter'.
Finding duplicate cells in `\equiv_miter'.
Computing hashes of 148 cells of `\equiv_miter'.
Finding duplicate cells in `\equiv_miter'.
Computing hashes of 144 cells of `\equiv_miter'.
Finding duplicate cells in `\equiv_miter'.
Computing hashes of 142 cells of `\equiv_miter'.
Finding duplicate cells in `\equiv_miter'.
Computing hashes of 141 cells of `\equiv_miter'.
Finding duplicate cells in `\equiv_miter'.
Computing hashes of 133 cells of `\equiv_miter'.
Finding duplicate cells in `\equiv_miter'.
Computing hashes of 125 cells of `\equiv_miter'.
Finding duplicate cells in `\equiv_miter'.
<suppressed ~384 debug messages>
Removed a total of 128 cells.

10.8.3. Executing OPT_MUXTREE pass (detect dead branches in mux trees).
Running muxtree optimizer on module \equiv_miter..
  Creating internal representation of mux trees.
  No muxes found in this module.
Removed 0 multiplexer ports.

10.8.4. Executing OPT_REDUCE pass (consolidate $*mux and $reduce_* inputs).
  Optimizing cells in module \equiv_miter.
Performed a total of 0 changes.

10.8.5. Executing OPT_MERGE pass (detect identical cells).
Finding identical cells in module `\equiv_miter'.
Computing hashes of 125 cells of `\equiv_miter'.
Finding duplicate cells in `\equiv_miter'.
Removed a total of 0 cells.

10.8.6. Executing OPT_CLEAN pass (remove unused cells and wires).
Finding unused cells or wires in module \equiv_miter..
Removed 0 unused cells and 57 unused wires.
<suppressed ~1 debug messages>

10.8.7. Executing OPT_EXPR pass (perform const folding).
Optimizing module equiv_miter.
<suppressed ~2 debug messages>

10.8.8. Rerunning OPT passes. (Maybe there is more to do..)

10.8.9. Executing OPT_MUXTREE pass (detect dead branches in mux trees).
Running muxtree optimizer on module \equiv_miter..
  Creating internal representation of mux trees.
  No muxes found in this module.
Removed 0 multiplexer ports.

10.8.10. Executing OPT_REDUCE pass (consolidate $*mux and $reduce_* inputs).
  Optimizing cells in module \equiv_miter.
Performed a total of 0 changes.

10.8.11. Executing OPT_MERGE pass (detect identical cells).
Finding identical cells in module `\equiv_miter'.
Computing hashes of 123 cells of `\equiv_miter'.
Finding duplicate cells in `\equiv_miter'.
Removed a total of 0 cells.

10.8.12. Executing OPT_CLEAN pass (remove unused cells and wires).
Finding unused cells or wires in module \equiv_miter..
Removed 0 unused cells and 1 unused wires.
<suppressed ~1 debug messages>

10.8.13. Executing OPT_EXPR pass (perform const folding).
Optimizing module equiv_miter.

10.8.14. Rerunning OPT passes. (Maybe there is more to do..)

10.8.15. Executing OPT_MUXTREE pass (detect dead branches in mux trees).
Running muxtree optimizer on module \equiv_miter..
  Creating internal representation of mux trees.
  No muxes found in this module.
Removed 0 multiplexer ports.

10.8.16. Executing OPT_REDUCE pass (consolidate $*mux and $reduce_* inputs).
  Optimizing cells in module \equiv_miter.
Performed a total of 0 changes.

10.8.17. Executing OPT_MERGE pass (detect identical cells).
Finding identical cells in module `\equiv_miter'.
Computing hashes of 123 cells of `\equiv_miter'.
Finding duplicate cells in `\equiv_miter'.
Removed a total of 0 cells.

10.8.18. Executing OPT_CLEAN pass (remove unused cells and wires).
Finding unused cells or wires in module \equiv_miter..

10.8.19. Executing OPT_EXPR pass (perform const folding).
Optimizing module equiv_miter.

10.8.20. Finished fast OPT passes. (There is nothing left to do.)

10.9. Executing WREDUCE pass (reducing word size of cells).

10.10. Executing OPT_CLEAN pass (remove unused cells and wires).
Finding unused cells or wires in module \equiv_miter..

10.11. Executing MEMORY_COLLECT pass (generating $mem cells).

10.12. Executing OPT pass (performing simple optimizations).

10.12.1. Executing OPT_EXPR pass (perform const folding).
Optimizing module equiv_miter.

10.12.2. Executing OPT_MERGE pass (detect identical cells).
Finding identical cells in module `\equiv_miter'.
Computing hashes of 123 cells of `\equiv_miter'.
Finding duplicate cells in `\equiv_miter'.
Removed a total of 0 cells.

10.12.3. Executing OPT_CLEAN pass (remove unused cells and wires).
Finding unused cells or wires in module \equiv_miter..

10.12.4. Finished fast OPT passes.

10.13. Executing SORT pass.

10.14. Printing statistics.

=== equiv_miter ===

        +----------Local Count, excluding submodules.
        | 
       63 wires
      235 wire bits
       14 public wires
      105 public wire bits
        6 ports
       41 port bits
      123 cells
       45   $_AND_
       16   $_MUX_
       16   $_NOT_
       21   $_OR_
       22   $_XOR_
        1   $assert
        2   $scopeinfo

10.15. Executing CHECK pass (checking for obvious problems).
Checking module equiv_miter...
Found and reported 0 problems.

11. Executing SAT pass (solving SAT problems in the circuit).
Using SAT solver `minisat`.

Setting up time step 1:
Final constraint equation: { } = { }
Imported 123 cells to SAT database.
No constraints for initial state found.

Import proof for assert: 1'1 when 1'1.
Import show expression: \in_hi
Import show expression: \in_lo
Import show expression: \in_x
Import show expression: \gate_y
Import show expression: \gold_y
Import show expression: \trigger

Solving problem with 686 variables and 1744 clauses..
SAT proof finished - no model found: SUCCESS!

                  /$$$$$$      /$$$$$$$$     /$$$$$$$    
                 /$$__  $$    | $$_____/    | $$__  $$   
                | $$  \ $$    | $$          | $$  \ $$   
                | $$  | $$    | $$$$$       | $$  | $$   
                | $$  | $$    | $$__/       | $$  | $$   
                | $$/$$ $$    | $$          | $$  | $$   
                |  $$$$$$/ /$$| $$$$$$$$ /$$| $$$$$$$//$$
                 \____ $$$|__/|________/|__/|_______/|__/
                       \__/                              

End of script. Logfile hash: 8c965ae158, time: 0.04s, user: 0.03s, system: 0.00s, MEM: 20.66 MB peak
Yosys 0.66 (git sha1 7f8fdfd8d7bc08c749a2a969388d3425d4f369d5, clang++ 21.0.0 -fPIC -O3)
Time spent: 28% 6x read_verilog (0 sec), 20% 2x techmap (0 sec), ...

